../LWIP/Target/ethernetif.c:188:6:HAL_ETH_RxCpltCallback	16	static
../LWIP/Target/ethernetif.c:197:6:HAL_ETH_TxCpltCallback	16	static
../LWIP/Target/ethernetif.c:206:6:HAL_ETH_ErrorCallback	16	static
../LWIP/Target/ethernetif.c:228:13:low_level_init	192	static
../LWIP/Target/ethernetif.c:401:14:low_level_output	80	static
../LWIP/Target/ethernetif.c:473:22:low_level_input	24	static
../LWIP/Target/ethernetif.c:494:13:ethernetif_input	24	static
../LWIP/Target/ethernetif.c:551:7:ethernetif_init	16	static
../LWIP/Target/ethernetif.c:602:6:pbuf_free_custom	24	static
../LWIP/Target/ethernetif.c:625:7:sys_now	8	static
../LWIP/Target/ethernetif.c:638:6:HAL_ETH_MspInit	64	static
../LWIP/Target/ethernetif.c:703:6:HAL_ETH_MspDeInit	16	static
../LWIP/Target/ethernetif.c:751:9:ETH_PHY_IO_Init	8	static
../LWIP/Target/ethernetif.c:768:9:ETH_PHY_IO_DeInit	4	static
../LWIP/Target/ethernetif.c:780:9:ETH_PHY_IO_ReadReg	24	static
../LWIP/Target/ethernetif.c:797:9:ETH_PHY_IO_WriteReg	24	static
../LWIP/Target/ethernetif.c:811:9:ETH_PHY_IO_GetTick	8	static
../LWIP/Target/ethernetif.c:821:6:ethernet_link_thread	136	static
../LWIP/Target/ethernetif.c:891:6:HAL_ETH_RxAllocateCallback	32	static
../LWIP/Target/ethernetif.c:913:6:HAL_ETH_RxLinkCallback	56	static,ignoring_inline_asm
../LWIP/Target/ethernetif.c:953:6:HAL_ETH_TxFreeCallback	16	static
../LWIP/Target/ethernetif.c:968:6:sys_lock_tcpip_core	8	static
../LWIP/Target/ethernetif.c:974:6:sys_unlock_tcpip_core	8	static
../LWIP/Target/ethernetif.c:980:6:sys_check_core_locking	16	static
../LWIP/Target/ethernetif.c:1005:6:sys_mark_tcpip_thread	8	static
