C:\ST\STM32CubeIDE_1.16.1\STM32CubeIDE\plugins\com.st.stm32cube.ide.mcu.externaltools.gnu-tools-for-stm32.12.3.rel1.win32_1.0.200.202406191623\tools\bin/../lib/gcc/arm-none-eabi/12.3.1/../../../../arm-none-eabi/include/c++/12.3.1/cmath:425:3:constexpr float std::sin(float)	16	static
C:/Users/Eduardo/STM32CubeIDE/firmware_libs/firmware-libs/Interfaces/gpio_interface.hpp:23:7:constexpr Gpio::Gpio()	16	static
C:/Users/Eduardo/STM32CubeIDE/firmware_libs/PBLibs/PB_HAL_STM32H7/Inc/GPIO/gpio_stm32h7.hpp:26:2:GpioSTM32H7::GpioSTM32H7(GPIO_TypeDef*, uint16_t, GpioIOConf)	24	static
C:\ST\STM32CubeIDE_1.16.1\STM32CubeIDE\plugins\com.st.stm32cube.ide.mcu.externaltools.gnu-tools-for-stm32.12.3.rel1.win32_1.0.200.202406191623\tools\arm-none-eabi\include\c++\12.3.1\arm-none-eabi\thumb\v7e-m+dp\softfp\bits\gthr-default.h:229:1:int __gthread_key_delete(__gthread_key_t)	16	static
C:/Users/Eduardo/STM32CubeIDE/firmware_libs/firmware-libs/UserInterface/Inc/ArduinoJson-v6.21.2.hpp:596:8:char ArduinoJson::V6212HB::detail::SizedRamString::operator[](size_t) const	16	static
C:/Users/Eduardo/STM32CubeIDE/firmware_libs/firmware-libs/Interfaces/udp_client_interface.hpp:5:7:constexpr UDPClient::UDPClient()	16	static
C:/Users/Eduardo/STM32CubeIDE/firmware_libs/PBLibs/PB_HAL_STM32H7/Inc/UDP/udp_client_stm32h7.hpp:34:7:UdpClientSTM32H7::UdpClientSTM32H7()	16	static
../Application/Src/cpp_link.cpp:87:6:void mainProcess(tskTaskControlBlock**, uint32_t)	16	static
../Application/Src/cpp_link.cpp:92:6:void main_process(rtos_handlers_matrix_t*)	392	static
../Application/Src/cpp_link.cpp:171:6:void debug_process(rtos_handlers_matrix_t*)	16	static,ignoring_inline_asm
../Application/Src/cpp_link.cpp:190:6:void seat_ctrl_control(rtos_handlers_matrix_t*)	1224	static,ignoring_inline_asm
../Application/Src/cpp_link.cpp:505:6:void HAL_UART_RxCpltCallback(UART_HandleTypeDef*)	88	static,ignoring_inline_asm
../Application/Src/cpp_link.cpp:546:9:uint8_t get_imu_from_queue(bno085_rvc_datagram_t*)	16	static
../Application/Src/cpp_link.cpp:552:6:void cpp_main_process(tskTaskControlBlock**, uint32_t)	16	static
../Application/Src/cpp_link.cpp:557:6:void main_cpp_wrapper(rtos_handlers_matrix_t*)	16	static
../Application/Src/cpp_link.cpp:562:6:void debug_cpp_wrapper(rtos_handlers_matrix_t*)	16	static
../Application/Src/cpp_link.cpp:566:6:void seat_ctrl_cpp_wrapper(rtos_handlers_matrix_t*)	16	static
C:/Users/Eduardo/STM32CubeIDE/firmware_libs/firmware-libs/UserInterface/Inc/ArduinoJson-v6.21.2.hpp:999:13:void ArduinoJson::V6212HB::detail::stringGetChars(TAdaptedString, char*, size_t) [with TAdaptedString = SizedRamString]	40	static
C:/Users/Eduardo/STM32CubeIDE/firmware_libs/firmware-libs/UserInterface/Inc/ArduinoJson-v6.21.2.hpp:999:13:void ArduinoJson::V6212HB::detail::stringGetChars(TAdaptedString, char*, size_t) [with TAdaptedString = JsonStringAdapter]	40	static
../Application/Src/cpp_link.cpp:572:1:void __static_initialization_and_destruction_0(int, int)	16	static
../Application/Src/cpp_link.cpp:572:1:cpp)	8	static
../Application/Src/cpp_link.cpp:572:1:cpp)	8	static
